// Jest Snapshot v1, https://goo.gl/fbAQLP

exports[`Pruebas de snapshot en GifItem.jsx Debe concidir en snapshot 1`] = `
<div>
  <div
    class="card"
  >
    <img
      alt="Saitama"
      src="hhtps://one-punch.com/saitama.jpg"
    />
    <p>
      Saitama
    </p>
  </div>
</div>
`;
